MAP, LW, Light World
Position, [cave-040] Link's House, 1097, 1385
Position, Uncle, 1198, 868
Position, Altar, 82,99
Position, [cave-034] Hyrule Castle secret entrance, 1198, 835
Position, [cave-018] Graveyard - top right grave, 1206, 594
Position, [cave-047] Dam, 942, 1877
Position, [cave-040] Link's House, 1097, 1385
Position, [cave-031] Tavern, 319, 1148
Position, [cave-026] chicken house, 198, 1083
Position, [cave-044] Aginah's cave, 396, 1653
Position, [cave-035] Sahasrahla's Hut [left chest], 1600, 910
Position, [cave-035] Sahasrahla's Hut [center chest], 1633, 910
Position, [cave-035] Sahasrahla's Hut [right chest], 1666, 910
Position, [cave-021] Kakariko well [top chest], 50, 820
Position, [cave-021] Kakariko well [left chest row of 3], 82, 836
Position, [cave-021] Kakariko well [center chest row of 3], 116, 836
Position, [cave-021] Kakariko well [right chest row of 3], 149, 836
Position, [cave-021] Kakariko well [bottom chest], 50, 853
Position, [cave-022-B1] Thief's hut [top chest], 259, 820
Position, [cave-022-B1] Thief's hut [top left chest], 239, 853
Position, [cave-022-B1] Thief's hut [top right chest], 281, 853
Position, [cave-022-B1] Thief's hut [bottom left chest], 230, 886
Position, [cave-022-B1] Thief's hut [bottom right chest], 290, 886
Position, Blacksmiths, 613, 1066
Position, [cave-016] cave under rocks west of Santuary, 784, 588
Position, [cave-050] cave southwest of Lake Hylia [bottom left chest], 1268, 1885
Position, [cave-050] cave southwest of Lake Hylia [top left chest],1284, 1852
Position, [cave-050] cave southwest of Lake Hylia [top right chest], 1350, 1852
Position, [cave-050] cave southwest of Lake Hylia [bottom right chest], 1369, 1885
Position, [cave-051] Ice Cave, 1800, 1550
Position, Bottle Vendor, 190, 934
Position, Sahasrahla, 1633, 943
Position, Magic Bat, 652, 1129
Position, Sick Kid, 316, 1076
Position, Purple Chest, 693, 1800
Position, Hobo, 1391, 1397
Position, Bombos Tablet, 442, 1845
Position, King Zora, 1883, 290
Position, Waterfall Fairy - Left, 1784, 290
Position, Waterfall Fairy - Right, 1817, 290
Position, King Zora, 1883, 290
Position, Piece of Heart (Thieves' Forest Hideout), 380, 263
Position, Piece of Heart (Lumberjack Tree), 604, 150
Position, Piece of Heart (south of Haunted Grove), 534, 1657
Position, Piece of Heart (Graveyard), 1144, 550
Position, Piece of Heart (Desert - northeast corner), 353, 1559
Position, [cave-050] cave southwest of Lake Hylia - generous guy, 1317, 1858
Position, Library, 313, 1330
Position, Mushroom, 244, 170
Position, Witch, 1605, 670
Position, Piece of Heart (Maze Race), 58, 1404
Position, Piece of Heart (Desert - west side), 45, 1832
Position, Piece of Heart (Lake Hylia), 1453, 1661
Position, Piece of Heart (Dam), 896, 1857
Position, Piece of Heart (Zora's River), 1916, 290
Position, Haunted Grove item, 577, 1327
Position, [dungeon-C-1F] Sanctuary,922, 535
Position, [dungeon-C-B1] Escape - final basement room [left chest], 1010, 584
Position, [dungeon-C-B1] Escape - final basement room [middle chest], 1043, 584
Position, [dungeon-C-B1] Escape - final basement room [right chest], 1076, 584
Position, [dungeon-C-B1] Escape - first B1 room, 967, 878
Position, [dungeon-C-B1] Hyrule Castle - boomerang room, 1000, 878
Position, [dungeon-C-B1] Hyrule Castle - map room, 1033, 878
Position, [dungeon-C-B3] Hyrule Castle - next to Zelda, 1066, 878
Position, [dungeon-L1-1F] Eastern Palace - compass room, 1880, 782
Position, [dungeon-L1-1F] Eastern Palace - big chest, 1913, 782
Position, [dungeon-L1-1F] Eastern Palace - big ball room, 1946, 782
Position, [dungeon-L1-1F] Eastern Palace - Big key, 1880, 815
Position, [dungeon-L1-1F] Eastern Palace - map room, 1913, 815
Position, Heart Container - Armos Knights, 1946, 815
Position, Eastern Palace Pendant, 1913, 848
Position, [dungeon-L2-B1] Desert Palace - big chest, 110, 1590
Position, [dungeon-L2-B1] Desert Palace - Map room,143,1590
Position, [dungeon-L2-B1] Desert Palace - Small key room,176,1590
Position, [dungeon-L2-B1] Desert Palace - Big key room,110,1623
Position, [dungeon-L2-B1] Desert Palace - compass room,143,1623
Position, Heart Container - Lanmolas,176,1623
Position, Desert Palace Pendant,143, 1656
Position, Old Mountain Man, 900, 476
Position, Piece of Heart (Spectacle Rock Cave),979,206
Position, Ether Tablet, 841, 35
Position, Piece of Heart (Spectacle Rock), 1018,182
Position, [cave-012-1F] Death Mountain - wall of caves - left cave, 1600, 180
Position, [cave-013] Mimic cave (from Turtle Rock),1693,182
Position, [cave-009-1F] Death Mountain - wall of caves - right cave [top left chest], 1670, 478
Position, [cave-009-1F] Death Mountain - wall of caves - right cave [top left middle chest], 1703, 478
Position, [cave-009-1F] Death Mountain - wall of caves - right cave [top right middle chest], 1736, 478
Position, [cave-009-1F] Death Mountain - wall of caves - right cave [top right chest],1769,478
Position, [cave-009-1F] Death Mountain - wall of caves - right cave [bottom chest],1802,478
Position, [cave-009-B1] Death Mountain - wall of caves - right cave [left chest],1670,445
Position, [cave-009-B1] Death Mountain - wall of caves - right cave [right chest],1702,445
Position, Piece of Heart (Death Mountain - floating island), 1631, 37
Position, [dungeon-L3-1F] Tower of Hera - first floor, 1112, 46
Position, [dungeon-L3-1F] Tower of Hera - freestanding key,1145,46
Position, [dungeon-L3-2F] Tower of Hera - Entrance,1178,46
Position, [dungeon-L3-4F] Tower of Hera - 4F [small chest],1112,79
Position, [dungeon-L3-4F] Tower of Hera - big chest,1145,79
Position, Heart Container - Moldorm,1178,79
Position, Tower of Hera Pendant,1145,112
Position, [dungeon-A1-2F] Hyrule Castle Tower - 2 knife guys room,983,803
Position, [dungeon-A1-3F] Hyrule Castle Tower - maze room,1016, 803
Boss, Agahnim, 983, 738
Boss, Armos Knights,  1883, 718
Boss, Moldorm, 1212, 46
Boss, Lanmolas, 209, 1590